// Jest Snapshot v1, https://goo.gl/fbAQLP

exports[`Screen two Tests rendering screen two should render view 1`] = `ShallowWrapper {}`;
