// Jest Snapshot v1, https://goo.gl/fbAQLP

exports[`Buttons rendering renders the container view 1`] = `ShallowWrapper {}`;
