// Jest Snapshot v1, https://goo.gl/fbAQLP

exports[`Screen three Tests rendering screen one should render view 1`] = `ShallowWrapper {}`;
