// Jest Snapshot v1, https://goo.gl/fbAQLP

exports[`Screen List rendering list should render the container view 1`] = `ShallowWrapper {}`;
